Added connection Emil - Adrian
Added connection Adrian - Octav
Added connection Octav - Rodica
The distance between Emil - Rodica is 3
Added connection Emil - Daiana
Added connection Emil - Maria
Added connection Emil - Tiberiu
The distance between Emil - Octav is 2
There is no way to get from Emil to Frederic
The distance between Emil - Rodica is 3
The distance between Emil - Adrian is 1
The distance between Emil - Tiberiu is 1
