Added connection Andrei - Florin
Added connection Florin - Ilie
Added connection Florin - Anastasia
Added connection Florin - Agnos
Added connection Florin - Octaviana
Added connection Florin - Rica
Added connection Anastasia - Octaviana
Added connection Ilie - Octaviana
Added connection Agnos - Octaviana
The common friends between Florin and Octaviana are:
Agnos
Anastasia
Ilie
